
> account-manager@1.0.0 electron:build
> vite build && electron-builder --win

node.exe : [33mThe CJS build of Vite's Node API is deprecated. See https
://vite.dev/guide/troubleshooting.html#vite-cjs-node-api-deprecated for m
ore details.[39m
所在位置 行:1 字符: 1
+ & "C:\Program Files\nodejs/node.exe" "C:\Program Files\nodejs/node_mo .
..
+ ~~~~~~~~~~~~~~~~~~~~~~~~~~~~~~~~~~~~~~~~~~~~~~~~~~~~~~~~~~~~~~~~~~~~~
    + CategoryInfo          : NotSpecified: ([33mThe CJS bu...e details 
   .[39m:String) [], RemoteException
    + FullyQualifiedErrorId : NativeCommandError
 
[36mvite v5.4.21 [32mbuilding for production...[36m[39m
transforming...
[32m鉁?[39m 2079 modules transformed.
rendering chunks...
computing gzip size...
[2mdist/[22m[32mindex.html                 [39m[1m[2m    0.68 kB[22m[1m[22m[2m 鈹?gzip:   0.39 kB[22m
[2mdist/[22m[35massets/index-DOgP09xo.css  [39m[1m[2m   34.57 kB[22m[1m[22m[2m 鈹?gzip:   6.15 kB[22m
[2mdist/[22m[36massets/index-CuWBPcXs.js   [39m[1m[33m2,135.15 kB[39m[22m[2m 鈹?gzip: 734.27 kB[22m
[33m
(!) Some chunks are larger than 500 kB after minification. Consider:
- Using dynamic import() to code-split the application
- Use build.rollupOptions.output.manualChunks to improve chunking: https:
//rollupjs.org/configuration-options/#output-manualchunks
- Adjust chunk size limit for this warning via build.chunkSizeWarningLimi
t.[39m
[32m鉁?built in 2.86s[39m
[36mvite v5.4.21 [32mbuilding for production...[36m[39m
transforming...
[32m鉁?[39m 3 modules transformed.
rendering chunks...
computing gzip size...
[2mdist-electron/[22m[36mmain.js  [39m[1m[2m17.67 kB[22m[1m[22m[2m 鈹?gzip: 4.47 kB[22m
[32m鉁?built in 23ms[39m
[36mvite v5.4.21 [32mbuilding for production...[36m[39m
transforming...
[32m鉁?[39m 1 modules transformed.
rendering chunks...
computing gzip size...
[2mdist-electron/[22m[36mpreload.js  [39m[1m[2m1.95 kB[22m[1m[22m[2m 鈹?gzip: 0.45 kB[22m
[32m鉁?built in 5ms[39m
  鈥?electron-builder  version=25.1.8 os=10.0.26100
  鈥?loaded configuration  file=package.json ("build" field)
  鈥?@electron/rebuild already used by electron-builder, please consider to remove excess dependency from devDependencies

To ensure your native dependencies are always matched electron version, simply add script `"postinstall": "electron-builder install-app-deps" to your `package.json`
  鈥?executing @electron/rebuild  electronVersion=31.7.7 arch=x64 buildFromSource=false appDir=./
  鈥?installing native dependencies  arch=x64
  鈥?preparing       moduleName=better-sqlite3 arch=x64
  鈥?finished        moduleName=better-sqlite3 arch=x64
  鈥?completed installing native dependencies
  鈥?packaging       platform=win32 arch=x64 electron=31.7.7 appOutDir=release\win-unpacked
  猕?remove E:\AIMadeupTools\GitRepositories\PromptManager\release\win-unpacked\resources\app.asar: The process cannot access the file because it is being used by another process.
github.com/develar/go-fs-util.EnsureEmptyDir
	/Users/runner/go/pkg/mod/github.com/develar/go-fs-util@v0.0.0-20190620175131-69a2d4542206/fs.go:98
github.com/develar/app-builder/pkg/electron.UnpackElectron.func1.1
	/Users/runner/work/app-builder/app-builder/pkg/electron/electronUnpack.go:38
github.com/develar/app-builder/pkg/util.MapAsyncConcurrency.func2
	/Users/runner/work/app-builder/app-builder/pkg/util/async.go:68
runtime.goexit
	/Users/runner/hostedtoolcache/go/1.21.13/arm64/src/runtime/asm_amd64.s:1650  
  猕?E:\AIMadeupTools\GitRepositories\PromptManager\node_modules\app-builder-bin\win\x64\app-builder.exe process failed ERR_ELECTRON_BUILDER_CANNOT_EXECUTE
Exit code:
1  failedTask=build stackTrace=Error: E:\AIMadeupTools\GitRepositories\PromptManager\node_modules\app-builder-bin\win\x64\app-builder.exe process failed ERR_ELECTRON_BUILDER_CANNOT_EXECUTE
Exit code:
1
    at ChildProcess.<anonymous> (E:\AIMadeupTools\GitRepositories\PromptManager\node_modules\builder-util\src\util.ts:255:14)
    at Object.onceWrapper (node:events:623:26)
    at ChildProcess.emit (node:events:508:28)
    at ChildProcess.cp.emit (E:\AIMadeupTools\GitRepositories\PromptManager\node_modules\cross-spawn\lib\enoent.js:34:29)
    at maybeClose (node:internal/child_process:1101:16)
    at Process.ChildProcess._handle.onexit (node:internal/child_process:305:5)
